
> temp-next-project@0.1.0 build
> next build

Γû▓ Next.js 16.1.1 (Turbopack)

  Creating an optimized production build ...
Γ£ô Compiled successfully in 3.9s
  Running TypeScript ...
  Collecting page data using 23 workers ...
  Generating static pages using 23 workers (0/6) ...
  Generating static pages using 23 workers (1/6) 
  Generating static pages using 23 workers (2/6) 
  Generating static pages using 23 workers (4/6) 
Γ£ô Generating static pages using 23 workers (6/6) in 1084.3ms
  Finalizing page optimization ...

Route (app)
Γöî Γùï /
Γö£ Γùï /_not-found
Γö£ ╞Æ /api/coingecko/market_chart_range
Γö£ ╞Æ /api/coingecko/markets
Γöö ╞Æ /api/coingecko/search


Γùï  (Static)   prerendered as static content
╞Æ  (Dynamic)  server-rendered on demand

